=== RESTORE DRILL start Mon 28 Sep 2026 18:34:21 AEST ===
--- step 0: verify the local backup file against its recorded sha256 ---
factory-full-dump.bin: OK
--- step 1: is the chip reachable? ---
Connected to ESP32-S3 on /dev/ttyACM0:
Chip type:          ESP32-S3 (QFN56) (revision v0.2)
MAC:                10:51:db:40:62:e4
WARNING: ESP32-S3 has no chip ID. Reading MAC address instead.
MAC:                10:51:db:40:62:e4
--- step 2: erase the whole 16MB flash (simulates a blank, unbootable device) ---

Hard resetting via RTS pin...

real	0m37.060s
user	0m0.607s
sys	0m0.036s
--- step 3: write the 16MB dump back ---
Hash of data verified.

Staying in bootloader.

real	1m51.714s
user	0m12.077s
sys	0m0.180s
--- step 4: read it back and compare to the file (byte-for-byte proof) ---
Verification successful (digest matched).

Hard resetting via RTS pin...

real	0m28.359s
user	0m0.666s
sys	0m0.103s
=== DRILL-RESULT-OK Mon 28 Sep 2026 18:37:19 AEST ===
